Archive member included because of file (symbol)

stm32f10x_lib/libstm32.a(stm32f10x_adc.o)
                              CM730_HW/src/system_init.o (ADC_Init)
stm32f10x_lib/libstm32.a(stm32f10x_bkp.o)
                              CM730_APP/src/CM_DXL_COM.o (BKP_WriteBackupRegister)
stm32f10x_lib/libstm32.a(stm32f10x_flash.o)
                              CM730_HW/src/system_init.o (FLASH_SetLatency)
stm32f10x_lib/libstm32.a(stm32f10x_gpio.o)
                              CM730_HW/src/system_init.o (GPIO_Init)
stm32f10x_lib/libstm32.a(stm32f10x_nvic.o)
                              CM730_HW/src/system_init.o (NVIC_PriorityGroupConfig)
stm32f10x_lib/libstm32.a(stm32f10x_pwr.o)
                              CM730_HW/src/system_init.o (PWR_BackupAccessCmd)
stm32f10x_lib/libstm32.a(stm32f10x_rcc.o)
                              CM730_HW/src/system_init.o (RCC_DeInit)
stm32f10x_lib/libstm32.a(stm32f10x_spi.o)
                              CM730_HW/src/system_init.o (SPI_Init)
stm32f10x_lib/libstm32.a(stm32f10x_systick.o)
                              CM730_HW/src/system_init.o (SysTick_SetReload)
stm32f10x_lib/libstm32.a(stm32f10x_tim.o)
                              CM730_HW/src/system_init.o (TIM_DeInit)
stm32f10x_lib/libstm32.a(stm32f10x_usart.o)
                              CM730_HW/src/system_init.o (USART_DeInit)
stm32f10x_lib/libstm32.a(cortexm3_macro.o)
                              stm32f10x_lib/libstm32.a(stm32f10x_pwr.o) (__WFI)
stm32f10x_lib/libstm32.a(stm32f10x_vector.o)
                              (Reset_Handler)
/usr/bin/../lib/gcc/arm-none-eabi/4.9.3/../../../../arm-none-eabi/lib/libc.a(lib_a-exit.o)
                              /usr/bin/../lib/gcc/arm-none-eabi/4.9.3/../../../../arm-none-eabi/lib/crt0.o (exit)
/usr/bin/../lib/gcc/arm-none-eabi/4.9.3/../../../../arm-none-eabi/lib/libc.a(lib_a-impure.o)
                              /usr/bin/../lib/gcc/arm-none-eabi/4.9.3/../../../../arm-none-eabi/lib/libc.a(lib_a-exit.o) (_global_impure_ptr)
/usr/bin/../lib/gcc/arm-none-eabi/4.9.3/../../../../arm-none-eabi/lib/libc.a(lib_a-init.o)
                              /usr/bin/../lib/gcc/arm-none-eabi/4.9.3/../../../../arm-none-eabi/lib/crt0.o (__libc_init_array)
/usr/bin/../lib/gcc/arm-none-eabi/4.9.3/../../../../arm-none-eabi/lib/libc.a(lib_a-memset.o)
                              /usr/bin/../lib/gcc/arm-none-eabi/4.9.3/../../../../arm-none-eabi/lib/crt0.o (memset)
/usr/bin/../lib/gcc/arm-none-eabi/4.9.3/../../../../arm-none-eabi/lib/libc.a(lib_a-__call_atexit.o)
                              /usr/bin/../lib/gcc/arm-none-eabi/4.9.3/../../../../arm-none-eabi/lib/libc.a(lib_a-exit.o) (__call_exitprocs)
/usr/bin/../lib/gcc/arm-none-eabi/4.9.3/../../../../arm-none-eabi/lib/libc.a(lib_a-atexit.o)
                              /usr/bin/../lib/gcc/arm-none-eabi/4.9.3/../../../../arm-none-eabi/lib/libc.a(lib_a-__call_atexit.o) (atexit)
/usr/bin/../lib/gcc/arm-none-eabi/4.9.3/../../../../arm-none-eabi/lib/libc.a(lib_a-fini.o)
                              /usr/bin/../lib/gcc/arm-none-eabi/4.9.3/../../../../arm-none-eabi/lib/libc.a(lib_a-__call_atexit.o) (__libc_fini_array)
/usr/bin/../lib/gcc/arm-none-eabi/4.9.3/../../../../arm-none-eabi/lib/libc.a(lib_a-__atexit.o)
                              /usr/bin/../lib/gcc/arm-none-eabi/4.9.3/../../../../arm-none-eabi/lib/libc.a(lib_a-atexit.o) (__register_exitproc)

Discarded input sections

 .text          0x0000000000000000        0x0 /usr/bin/../lib/gcc/arm-none-eabi/4.9.3/crti.o
 .data          0x0000000000000000        0x0 /usr/bin/../lib/gcc/arm-none-eabi/4.9.3/crti.o
 .bss           0x0000000000000000        0x0 /usr/bin/../lib/gcc/arm-none-eabi/4.9.3/crti.o
 .init          0x0000000000000000        0xc /usr/bin/../lib/gcc/arm-none-eabi/4.9.3/crti.o
 .fini          0x0000000000000000        0xc /usr/bin/../lib/gcc/arm-none-eabi/4.9.3/crti.o
 .ARM.attributes
                0x0000000000000000       0x16 /usr/bin/../lib/gcc/arm-none-eabi/4.9.3/crti.o
 .text          0x0000000000000000       0x98 /usr/bin/../lib/gcc/arm-none-eabi/4.9.3/crtbegin.o
 .data          0x0000000000000000        0x4 /usr/bin/../lib/gcc/arm-none-eabi/4.9.3/crtbegin.o
 .bss           0x0000000000000000       0x1c /usr/bin/../lib/gcc/arm-none-eabi/4.9.3/crtbegin.o
 .init_array    0x0000000000000000        0x4 /usr/bin/../lib/gcc/arm-none-eabi/4.9.3/crtbegin.o
 .fini_array    0x0000000000000000        0x4 /usr/bin/../lib/gcc/arm-none-eabi/4.9.3/crtbegin.o
 .eh_frame      0x0000000000000000        0x0 /usr/bin/../lib/gcc/arm-none-eabi/4.9.3/crtbegin.o
 .jcr           0x0000000000000000        0x0 /usr/bin/../lib/gcc/arm-none-eabi/4.9.3/crtbegin.o
 .ARM.attributes
                0x0000000000000000       0x30 /usr/bin/../lib/gcc/arm-none-eabi/4.9.3/crtbegin.o
 .text          0x0000000000000000      0x114 /usr/bin/../lib/gcc/arm-none-eabi/4.9.3/../../../../arm-none-eabi/lib/crt0.o
[...]
Memory Configuration

Name             Origin             Length             Attributes
RAM              0x0000000020000000 0x0000000000010000 xrw
FLASH            0x0000000008000000 0x0000000000080000 xr
FLASHB1          0x0000000000000000 0x0000000000000000 xr
EXTMEMB0         0x0000000000000000 0x0000000000000000 xr
EXTMEMB1         0x0000000000000000 0x0000000000000000 xr
EXTMEMB2         0x0000000000000000 0x0000000000000000 xr
EXTMEMB3         0x0000000000000000 0x0000000000000000 xr
*default*        0x0000000000000000 0xffffffffffffffff

Linker script and memory map

LOAD /usr/bin/../lib/gcc/arm-none-eabi/4.9.3/crti.o
LOAD /usr/bin/../lib/gcc/arm-none-eabi/4.9.3/crtbegin.o
LOAD /usr/bin/../lib/gcc/arm-none-eabi/4.9.3/../../../../arm-none-eabi/lib/crt0.o
LOAD CM730_APP/src/stm32f10x_it.o
LOAD CM730_APP/src/main.o
LOAD CM730_APP/src/serial.o
LOAD CM730_APP/src/isr.o
LOAD CM730_APP/src/zigbee.o
LOAD CM730_APP/src/zgb_hal.o
LOAD CM730_APP/src/CM_DXL_COM.o
LOAD CM730_HW/src/button.o
LOAD CM730_HW/src/led.o
LOAD CM730_HW/src/system_init.o
LOAD CM730_HW/src/system_func.o
LOAD CM730_HW/src/adc.o
LOAD CM730_HW/src/usart.o
LOAD CM730_HW/src/sound.o
LOAD CM730_HW/src/gyro_acc.o
LOAD stm32f10x_lib/libstm32.a
START GROUP
LOAD /usr/bin/../lib/gcc/arm-none-eabi/4.9.3/libgcc.a
LOAD /usr/bin/../lib/gcc/arm-none-eabi/4.9.3/../../../../arm-none-eabi/lib/libc.a
END GROUP
LOAD /usr/bin/../lib/gcc/arm-none-eabi/4.9.3/crtend.o
LOAD /usr/bin/../lib/gcc/arm-none-eabi/4.9.3/crtn.o
                0x0000000000000400                __Stack_Size = 0x400
                0x0000000000000400                PROVIDE (_Stack_Size, __Stack_Size)
                0x000000002000fc00                __Stack_Init = (_estack - __Stack_Size)
                0x000000002000fc00                PROVIDE (_Stack_Init, __Stack_Init)
                0x0000000000000100                _Minimum_Stack_Size = 0x100
                0x0000000000000000                PROVIDE (Undefined_Handler, 0x0)
                0x0000000000000000                PROVIDE (SWI_Handler, 0x0)
                0x0000000000000000                PROVIDE (IRQ_Handler, 0x0)
                0x0000000000000000                PROVIDE (Prefetch_Handler, 0x0)
                0x0000000000000000                PROVIDE (Abort_Handler, 0x0)
                0x0000000000000000                PROVIDE (FIQ_Handler, 0x0)
                0x0000000000000000                PROVIDE (NMIException, 0x0)
                0x0000000000000000                PROVIDE (HardFaultException, 0x0)
                0x0000000000000000                PROVIDE (MemManageException, 0x0)
                0x0000000000000000                PROVIDE (BusFaultException, 0x0)
                0x0000000000000000                PROVIDE (UsageFaultException, 0x0)
                0x0000000000000000                PROVIDE (SVCHandler, 0x0)
                0x0000000000000000                PROVIDE (DebugMonitor, 0x0)
                0x0000000000000000                PROVIDE (PendSVC, 0x0)
                0x0000000000000000                PROVIDE (SysTickHandler, 0x0)
                0x0000000000000000                PROVIDE (WWDG_IRQHandler, 0x0)
                0x0000000000000000                PROVIDE (PVD_IRQHandler, 0x0)
                0x0000000000000000                PROVIDE (TAMPER_IRQHandler, 0x0)
                0x0000000000000000                PROVIDE (RTC_IRQHandler, 0x0)
                0x0000000000000000                PROVIDE (FLASH_IRQHandler, 0x0)
                0x0000000000000000                PROVIDE (RCC_IRQHandler, 0x0)
                0x0000000000000000                PROVIDE (EXTI0_IRQHandler, 0x0)
                0x0000000000000000                PROVIDE (EXTI1_IRQHandler, 0x0)
                0x0000000000000000                PROVIDE (EXTI2_IRQHandler, 0x0)
                0x0000000000000000                PROVIDE (EXTI3_IRQHandler, 0x0)
                0x0000000000000000                PROVIDE (EXTI4_IRQHandler, 0x0)
                0x0000000000000000                PROVIDE (DMAChannel1_IRQHandler, 0x0)
                0x0000000000000000                PROVIDE (DMAChannel2_IRQHandler, 0x0)
                0x0000000000000000                PROVIDE (DMAChannel3_IRQHandler, 0x0)
                0x0000000000000000                PROVIDE (DMAChannel4_IRQHandler, 0x0)
                0x0000000000000000                PROVIDE (DMAChannel5_IRQHandler, 0x0)
                0x0000000000000000                PROVIDE (DMAChannel6_IRQHandler, 0x0)
                0x0000000000000000                PROVIDE (DMAChannel7_IRQHandler, 0x0)
                0x0000000000000000                PROVIDE (ADC_IRQHandler, 0x0)
                0x0000000000000000                PROVIDE (USB_HP_CAN_TX_IRQHandler, 0x0)
                0x0000000000000000                PROVIDE (USB_LP_CAN_RX0_IRQHandler, 0x0)
                0x0000000000000000                PROVIDE (CAN_RX1_IRQHandler, 0x0)
                0x0000000000000000                PROVIDE (CAN_SCE_IRQHandler, 0x0)
                0x0000000000000000                PROVIDE (EXTI9_5_IRQHandler, 0x0)
                0x0000000000000000                PROVIDE (TIM1_BRK_IRQHandler, 0x0)
                0x0000000000000000                PROVIDE (TIM1_UP_IRQHandler, 0x0)
                0x0000000000000000                PROVIDE (TIM1_TRG_COM_IRQHandler, 0x0)
                0x0000000000000000                PROVIDE (TIM1_CC_IRQHandler, 0x0)
                0x0000000000000000                PROVIDE (TIM2_IRQHandler, 0x0)
                0x0000000000000000                PROVIDE (TIM3_IRQHandler, 0x0)
                0x0000000000000000                PROVIDE (TIM4_IRQHandler, 0x0)
                0x0000000000000000                PROVIDE (I2C1_EV_IRQHandler, 0x0)
                0x0000000000000000                PROVIDE (I2C1_ER_IRQHandler, 0x0)
                0x0000000000000000                PROVIDE (I2C2_EV_IRQHandler, 0x0)
                0x0000000000000000                PROVIDE (I2C2_ER_IRQHandler, 0x0)
                0x0000000000000000                PROVIDE (SPI1_IRQHandler, 0x0)
                0x0000000000000000                PROVIDE (SPI2_IRQHandler, 0x0)
                0x0000000000000000                PROVIDE (USART1_IRQHandler, 0x0)
                0x0000000000000000                PROVIDE (USART2_IRQHandler, 0x0)
                0x0000000000000000                PROVIDE (USART3_IRQHandler, 0x0)
                0x0000000000000000                PROVIDE (EXTI15_10_IRQHandler, 0x0)
                0x0000000000000000                PROVIDE (RTCAlarm_IRQHandler, 0x0)
                0x0000000000000000                PROVIDE (USBWakeUp_IRQHandler, 0x0)
                0x0000000042000000                PERIPH_BB_BASE = 0x42000000
                0x0000000022000000                SRAM_BB_BASE = 0x22000000
                0x0000000020000000                SRAM_BASE = 0x20000000
                0x0000000040000000                PERIPH_BASE = 0x40000000
                0x0000000040022000                PROVIDE (FLASH_BASE, 0x40022000)
                0x000000001ffff800                PROVIDE (OB_BASE, 0x1ffff800)
                0x0000000040000000                APB1PERIPH_BASE = PERIPH_BASE
                0x0000000040010000                APB2PERIPH_BASE = (PERIPH_BASE + 0x10000)
                0x0000000040020000                AHBPERIPH_BASE = (PERIPH_BASE + 0x20000)
                0x0000000040000000                PROVIDE (TIM2, (APB1PERIPH_BASE + 0x0))
                0x0000000040000400                PROVIDE (TIM3, (APB1PERIPH_BASE + 0x400))
                0x0000000040000800                PROVIDE (TIM4, (APB1PERIPH_BASE + 0x800))
                0x0000000040002800                PROVIDE (RTC, (APB1PERIPH_BASE + 0x2800))
                0x0000000040002c00                PROVIDE (WWDG, (APB1PERIPH_BASE + 0x2c00))
                0x0000000040003000                PROVIDE (IWDG, (APB1PERIPH_BASE + 0x3000))
                0x0000000040003800                PROVIDE (SPI2, (APB1PERIPH_BASE + 0x3800))
                0x0000000040004400                PROVIDE (USART2, (APB1PERIPH_BASE + 0x4400))
                0x0000000040004800                PROVIDE (USART3, (APB1PERIPH_BASE + 0x4800))
                0x0000000040005400                PROVIDE (I2C1, (APB1PERIPH_BASE + 0x5400))
                0x0000000040005800                PROVIDE (I2C2, (APB1PERIPH_BASE + 0x5800))
                0x0000000040006400                PROVIDE (CAN, (APB1PERIPH_BASE + 0x6400))
                0x0000000040006c00                PROVIDE (BKP, (APB1PERIPH_BASE + 0x6c00))
                0x0000000040007000                PROVIDE (PWR, (APB1PERIPH_BASE + 0x7000))
                0x0000000040010000                PROVIDE (AFIO, (APB2PERIPH_BASE + 0x0))
                0x0000000040010400                PROVIDE (EXTI, (APB2PERIPH_BASE + 0x400))
                0x0000000040010800                PROVIDE (GPIOA, (APB2PERIPH_BASE + 0x800))
                0x0000000040010c00                PROVIDE (GPIOB, (APB2PERIPH_BASE + 0xc00))
                0x0000000040011000                PROVIDE (GPIOC, (APB2PERIPH_BASE + 0x1000))
                0x0000000040011400                PROVIDE (GPIOD, (APB2PERIPH_BASE + 0x1400))
                0x0000000040011800                PROVIDE (GPIOE, (APB2PERIPH_BASE + 0x1800))
                0x0000000040012400                PROVIDE (ADC1, (APB2PERIPH_BASE + 0x2400))
                0x0000000040012800                PROVIDE (ADC2, (APB2PERIPH_BASE + 0x2800))
                0x0000000040012c00                PROVIDE (TIM1, (APB2PERIPH_BASE + 0x2c00))
                0x0000000040013000                PROVIDE (SPI1, (APB2PERIPH_BASE + 0x3000))
                0x0000000040013800                PROVIDE (USART1, (APB2PERIPH_BASE + 0x3800))
                0x0000000040020000                PROVIDE (DMA, (AHBPERIPH_BASE + 0x0))
                0x0000000040020008                PROVIDE (DMA_Channel1, (AHBPERIPH_BASE + 0x8))
                0x000000004002001c                PROVIDE (DMA_Channel2, (AHBPERIPH_BASE + 0x1c))
                0x0000000040020030                PROVIDE (DMA_Channel3, (AHBPERIPH_BASE + 0x30))
                0x0000000040020044                PROVIDE (DMA_Channel4, (AHBPERIPH_BASE + 0x44))
                0x0000000040020058                PROVIDE (DMA_Channel5, (AHBPERIPH_BASE + 0x58))
                0x000000004002006c                PROVIDE (DMA_Channel6, (AHBPERIPH_BASE + 0x6c))
                0x0000000040020080                PROVIDE (DMA_Channel7, (AHBPERIPH_BASE + 0x80))
                0x0000000040021000                PROVIDE (RCC, (AHBPERIPH_BASE + 0x1000))
                0x00000000e000e000                SCS_BASE = 0xe000e000
                0x00000000e000e010                PROVIDE (SysTick, (SCS_BASE + 0x10))
                0x00000000e000e100                PROVIDE (NVIC, (SCS_BASE + 0x100))
                0x00000000e000ed00                PROVIDE (SCB, (SCS_BASE + 0xd00))
                0x0000000020010000                _estack = 0x20010000

.isr_vector     0x0000000008000000      0x134
                0x0000000008000000                . = ALIGN (0x4)
 *(.isr_vector)
 .isr_vector    0x0000000008000000      0x134 stm32f10x_lib/libstm32.a(stm32f10x_vector.o)
                0x0000000008000000                g_pfnVectors
                0x0000000008000134                . = ALIGN (0x4)

.flashtext      0x0000000008000134        0x0
                0x0000000008000134                . = ALIGN (0x4)
 *(.flashtext)
                0x0000000008000134                . = ALIGN (0x4)

.text           0x0000000008000134     0x48c4
                0x0000000008000134                . = ALIGN (0x4)
 *(.text)
 .text          0x0000000008000134      0x138 CM730_APP/src/stm32f10x_it.o
                0x0000000008000134                NMIException
                0x0000000008000136                HardFaultException
                0x0000000008000138                MemManageException
                0x000000000800013a                BusFaultException
                0x000000000800013c                UsageFaultException
                0x000000000800013e                DebugMonitor
                0x0000000008000140                SVCHandler
                0x0000000008000142                PendSVC
                0x0000000008000144                SysTickHandler
                0x0000000008000148                WWDG_IRQHandler
                0x000000000800014a                PVD_IRQHandler
                0x000000000800014c                TAMPER_IRQHandler
                0x000000000800014e                RTC_IRQHandler
                0x0000000008000150                FLASH_IRQHandler
                0x0000000008000152                RCC_IRQHandler
                0x0000000008000154                EXTI0_IRQHandler
                0x0000000008000156                EXTI1_IRQHandler
                0x0000000008000158                EXTI2_IRQHandler
                0x000000000800015a                EXTI3_IRQHandler
                0x000000000800015c                EXTI4_IRQHandler
                0x000000000800015e                DMA1_Channel1_IRQHandler
                0x0000000008000160                DMA1_Channel2_IRQHandler
                0x0000000008000162                DMA1_Channel3_IRQHandler
                0x0000000008000164                DMA1_Channel4_IRQHandler
                0x0000000008000166                DMA1_Channel5_IRQHandler
                0x0000000008000168                DMA1_Channel6_IRQHandler
                0x000000000800016a                DMA1_Channel7_IRQHandler
                0x000000000800016c                ADC1_2_IRQHandler
                0x0000000008000170                USB_HP_CAN_TX_IRQHandler
                0x0000000008000172                USB_LP_CAN_RX0_IRQHandler
                0x0000000008000174                CAN_RX1_IRQHandler
                0x0000000008000176                CAN_SCE_IRQHandler
                0x0000000008000178                EXTI9_5_IRQHandler
                0x000000000800017a                TIM1_BRK_IRQHandler
                0x000000000800017c                TIM1_UP_IRQHandler
                0x000000000800017e                TIM1_TRG_COM_IRQHandler
                0x0000000008000180                TIM1_CC_IRQHandler
                0x0000000008000182                TIM2_IRQHandler
                0x0000000008000224                TIM3_IRQHandler
                0x0000000008000226                TIM4_IRQHandler
                0x0000000008000228                I2C1_EV_IRQHandler
                0x000000000800022a                I2C1_ER_IRQHandler
                0x000000000800022c                I2C2_EV_IRQHandler
                0x000000000800022e                I2C2_ER_IRQHandler
                0x0000000008000230                SPI1_IRQHandler
                0x0000000008000232                SPI2_IRQHandler
                0x0000000008000234                USART1_IRQHandler
                0x0000000008000238                USART2_IRQHandler
                0x000000000800023c                USART3_IRQHandler
                0x0000000008000240                EXTI15_10_IRQHandler
                0x0000000008000242                RTCAlarm_IRQHandler
                0x0000000008000244                USBWakeUp_IRQHandler
                0x0000000008000246                TIM8_BRK_IRQHandler
                0x0000000008000248                TIM8_UP_IRQHandler
                0x000000000800024a                TIM8_TRG_COM_IRQHandler
                0x000000000800024c                TIM8_CC_IRQHandler
                0x000000000800024e                ADC3_IRQHandler
                0x0000000008000250                FSMC_IRQHandler
                0x0000000008000252                SDIO_IRQHandler
                0x0000000008000254                TIM5_IRQHandler
                0x0000000008000256                SPI3_IRQHandler
                0x0000000008000258                UART4_IRQHandler
                0x000000000800025a                UART5_IRQHandler
                0x000000000800025e                TIM6_IRQHandler
                0x0000000008000260                TIM7_IRQHandler
                0x0000000008000262                DMA2_Channel1_IRQHandler
                0x0000000008000264                DMA2_Channel2_IRQHandler
                0x0000000008000266                DMA2_Channel3_IRQHandler
                0x0000000008000268                DMA2_Channel4_5_IRQHandler
 .text          0x000000000800026c       0xa4 CM730_APP/src/isr.o
                0x000000000800026c                ISR_BATTERY_CHECK
                0x00000000080002c4                ISR_1ms_TIMER
                0x00000000080002d4                ISR_SPI_READ
                0x00000000080002d8                ISR_USART_DXL
                0x00000000080002dc                ISR_USART_ZIGBEE
                0x00000000080002e8                ISR_USART_PC
                0x00000000080002f4                ISR_USART_USART2
                0x0000000008000300                ISR_LED_RGB_TIMER
                0x0000000008000302                ISR_DELAY
                0x0000000008000306                ISR_ADC
                0x000000000800030a                ISR_BUZZER
                0x000000000800030c                ISR_MOTOR_CONTROL
 .text          0x0000000008000310      0x1dc CM730_APP/src/zigbee.o
                0x0000000008000310                zgb_initialize
                0x0000000008000330                zgb_terminate
                0x0000000008000334                zgb_tx_data
                0x0000000008000370                zgb_rx_check
                0x000000000800042c                zgb_rx_data
                0x000000000800043c                Zigbee_SetState
                0x0000000008000454                ScanZigbee
 .text          0x00000000080004ec       0x6a CM730_APP/src/zgb_hal.o
                0x00000000080004ec                zgb_hal_open
                0x00000000080004fc                zgb_hal_close
                0x00000000080004fe                zgb_hal_tx
                0x000000000800051c                zgb_hal_rx
 *fill*         0x0000000008000556        0x2 
 .text          0x0000000008000558      0xa34 CM730_APP/src/CM_DXL_COM.o
                0x0000000008000558                TorqueOff
                0x0000000008000634                WriteControlTable
                0x00000000080006a4                WriteControlTableRangeCheck
                0x0000000008000710                ReturnPacket
                0x00000000080007d4                ProcessAfterWriting
                0x00000000080008e8                Process
 .text          0x0000000008000f8c       0x30 CM730_HW/src/button.o
                0x0000000008000f8c                ReadButton
 .text          0x0000000008000fbc       0xfc CM730_HW/src/led.o
                0x0000000008000fbc                LED_SetState
                0x000000000800105c                LED_GetState
                0x00000000080010b0                LED_RGB_SetState
                0x00000000080010b2                LED_RGB_GetState
 .text          0x00000000080010b8      0x664 CM730_HW/src/system_init.o
                0x00000000080010b8                Buzzer_Configuration
                0x000000000800113c                Timer_Configuration
                0x00000000080011c8                SysTick_Configuration
                0x00000000080011dc                RCC_Configuration
                0x0000000008001260                USART_Configuration
                0x000000000800133c                USART_GetBaudrate
                0x0000000008001360                ADC_Configuration
                0x0000000008001430                SPI_Configuration
                0x00000000080014a0                GPIO_Configuration
                0x0000000008001604                NVIC_Configuration
                0x0000000008001684                System_Configuration
 .text          0x000000000800171c      0x1cc CM730_HW/src/system_func.o
                0x000000000800171c                getResetSource
                0x000000000800177a                mDelay
                0x00000000080017a4                Dummy
                0x00000000080017a6                uDelay
                0x00000000080017cc                __ISR_DELAY
                0x00000000080017e0                dxl_set_power
                0x00000000080017f8                getVoltage
                0x0000000008001810                EEPROM_Read
                0x000000000800181e                EEPROM_Write
                0x00000000080018c4                EEPROM_Clear
 .text          0x00000000080018e8       0xac CM730_HW/src/adc.o
                0x00000000080018e8                getADC
                0x00000000080018f8                __ISR_ADC
 .text          0x0000000008001994      0x35c CM730_HW/src/usart.o
                0x0000000008001994                BufferClear
                0x00000000080019a8                IsRXD_Ready
                0x00000000080019c8                RxDBuffer
                0x00000000080019f0                TxDData
                0x0000000008001a78                startPCTxData
                0x0000000008001ac0                __ISR_USART_PC
                0x0000000008001be0                __ISR_USART_DXL
                0x0000000008001ce0                enableDXLForwarding
 .text          0x0000000008001cf0      0x1d8 CM730_HW/src/sound.o
                0x0000000008001cf0                setBuzzerPlayLength
                0x0000000008001cfc                getBuzzerPlayLength
                0x0000000008001d08                setBuzzerData
                0x0000000008001d14                getBuzzerData
                0x0000000008001d20                getBuzzerState
                0x0000000008001d38                PlayDoremi
                0x0000000008001d64                PlayMusic
                0x0000000008001d7c                PlayBuzzer
                0x0000000008001d94                SetBuzzer
                0x0000000008001db4                setBuzzerOff
                0x0000000008001dc4                __ISR_Buzzer_Manage
 .text          0x0000000008001ec8      0x4b4 CM730_HW/src/gyro_acc.o
                0x0000000008001ec8                Push_SPI_Data
                0x0000000008001ee0                Clear_SPI_Data
                0x0000000008001eec                CovertData
                0x000000000800200c                getGyroX
                0x0000000008002018                getGyroY
                0x0000000008002024                getGyroZ
                0x0000000008002030                getACC_X
                0x000000000800203c                getACC_Y
                0x0000000008002048                getACC_Z
                0x0000000008002054                getGyroX_raw
                0x0000000008002060                getGyroY_raw
                0x000000000800206c                getGyroZ_raw
                0x0000000008002078                getACC_X_raw
                0x0000000008002084                getACC_Y_raw
                0x0000000008002090                getACC_Z_raw
                0x000000000800209c                Gyro_Configuration
                0x000000000800219c                ACC_Configuration
                0x000000000800229c                __GYRO_ACC_READ_ISR
 .text          0x000000000800237c      0x328 stm32f10x_lib/libstm32.a(stm32f10x_adc.o)
                0x000000000800237c                ADC_DeInit
                0x00000000080023d4                ADC_Init
                0x000000000800241c                ADC_StructInit
                0x000000000800242e                ADC_Cmd
                0x0000000008002440                ADC_DMACmd
                0x0000000008002452                ADC_ITConfig
                0x0000000008002464                ADC_ResetCalibration
                0x000000000800246e                ADC_GetResetCalibrationStatus
                0x0000000008002476                ADC_StartCalibration
                0x0000000008002480                ADC_GetCalibrationStatus
                0x0000000008002488                ADC_SoftwareStartConvCmd
                0x000000000800249a                ADC_GetSoftwareStartConvStatus
                0x00000000080024a2                ADC_DiscModeChannelCountConfig
                0x00000000080024b2                ADC_DiscModeCmd
                0x00000000080024c4                ADC_RegularChannelConfig
                0x0000000008002548                ADC_ExternalTrigConvCmd
                0x000000000800255a                ADC_GetConversionValue
                0x0000000008002560                ADC_GetDualModeConversionValue
                0x000000000800256c                ADC_AutoInjectedConvCmd
                0x000000000800257e                ADC_InjectedDiscModeCmd
                0x0000000008002590                ADC_ExternalTrigInjectedConvConfig
                0x000000000800259c                ADC_ExternalTrigInjectedConvCmd
                0x00000000080025ae                ADC_SoftwareStartInjectedConvCmd
                0x00000000080025c0                ADC_GetSoftwareStartInjectedConvCmdStatus
                0x00000000080025c8                ADC_InjectedChannelConfig
                0x000000000800261c                ADC_InjectedSequencerLengthConfig
                0x000000000800262c                ADC_SetInjectedOffset
                0x0000000008002630                ADC_GetInjectedConversionValue
                0x0000000008002638                ADC_AnalogWatchdogCmd
                0x0000000008002648                ADC_AnalogWatchdogThresholdsConfig
                0x000000000800264e                ADC_AnalogWatchdogSingleChannelConfig
                0x000000000800265a                ADC_TempSensorVrefintCmd
                0x0000000008002674                ADC_GetFlagStatus
                0x0000000008002680                ADC_ClearFlag
                0x0000000008002686                ADC_GetITStatus
                0x000000000800269c                ADC_ClearITPendingBit
 .text          0x00000000080026a4       0xc0 stm32f10x_lib/libstm32.a(stm32f10x_bkp.o)
                0x00000000080026a4                BKP_DeInit
                0x00000000080026b6                BKP_TamperPinLevelConfig
                0x00000000080026c0                BKP_TamperPinCmd
                0x00000000080026cc                BKP_ITConfig
                0x00000000080026d8                BKP_RTCOutputConfig
                0x00000000080026f0                BKP_SetRTCCalibrationValue
                0x0000000008002708                BKP_WriteBackupRegister
                0x0000000008002714                BKP_ReadBackupRegister
                0x0000000008002722                BKP_GetFlagStatus
                0x0000000008002730                BKP_ClearFlag
                0x0000000008002744                BKP_GetITStatus
                0x0000000008002750                BKP_ClearITPendingBit
 .text          0x0000000008002764      0x480 stm32f10x_lib/libstm32.a(stm32f10x_flash.o)
                0x0000000008002764                FLASH_SetLatency
                0x000000000800277c                FLASH_HalfCycleAccessCmd
                0x0000000008002794                FLASH_PrefetchBufferCmd
                0x00000000080027ac                FLASH_Unlock
                0x00000000080027c4                FLASH_Lock
                0x00000000080027d4                FLASH_GetUserOptionByte
                0x00000000080027e0                FLASH_GetWriteProtectionOptionByte
                0x00000000080027ec                FLASH_GetReadOutProtectionStatus
                0x00000000080027fc                FLASH_GetPrefetchBufferStatus
                0x000000000800280c                FLASH_ITConfig
                0x0000000008002824                FLASH_GetFlagStatus
                0x0000000008002844                FLASH_ClearFlag
                0x0000000008002850                FLASH_GetStatus
                0x0000000008002878                FLASH_WaitForLastOperation
                0x00000000080028ae                FLASH_ErasePage
                0x00000000080028f0                FLASH_EraseAllPages
                0x000000000800292c                FLASH_EraseOptionBytes
                0x000000000800299c                FLASH_ProgramWord
                0x00000000080029e4                FLASH_ProgramHalfWord
                0x0000000008002a1c                FLASH_ProgramOptionByteData
                0x0000000008002a64                FLASH_EnableWriteProtection
                0x0000000008002b04                FLASH_ReadOutProtection
                0x0000000008002b90                FLASH_UserOptionByteConfig
 .text          0x0000000008002be4      0x258 stm32f10x_lib/libstm32.a(stm32f10x_gpio.o)
                0x0000000008002be4                GPIO_DeInit
                0x0000000008002c88                GPIO_AFIODeInit
                0x0000000008002c9e                GPIO_Init
                0x0000000008002d3a                GPIO_StructInit
                0x0000000008002d4a                GPIO_ReadInputDataBit
                0x0000000008002d56                GPIO_ReadInputData
                0x0000000008002d5c                GPIO_ReadOutputDataBit
                0x0000000008002d68                GPIO_ReadOutputData
                0x0000000008002d6e                GPIO_SetBits
                0x0000000008002d72                GPIO_ResetBits
                0x0000000008002d76                GPIO_WriteBit
                0x0000000008002d80                GPIO_Write
                0x0000000008002d84                GPIO_PinLockConfig
                0x0000000008002d94                GPIO_EventOutputConfig
                0x0000000008002db0                GPIO_EventOutputCmd
                0x0000000008002dbc                GPIO_PinRemapConfig
                0x0000000008002e10                GPIO_EXTILineConfig
 .text          0x0000000008002e3c      0x314 stm32f10x_lib/libstm32.a(stm32f10x_nvic.o)
                0x0000000008002e3c                NVIC_DeInit
                0x0000000008002e70                NVIC_SCBDeInit
                0x0000000008002ea0                NVIC_PriorityGroupConfig
                0x0000000008002eb4                NVIC_Init
                0x0000000008002f38                NVIC_StructInit
                0x0000000008002f44                NVIC_SETPRIMASK
                0x0000000008002f48                NVIC_RESETPRIMASK
                0x0000000008002f4c                NVIC_SETFAULTMASK
                0x0000000008002f50                NVIC_RESETFAULTMASK
                0x0000000008002f54                NVIC_BASEPRICONFIG
                0x0000000008002f5a                NVIC_GetBASEPRI
                0x0000000008002f5e                NVIC_GetCurrentPendingIRQChannel
                0x0000000008002f6c                NVIC_GetIRQChannelPendingBitStatus
                0x0000000008002f8c                NVIC_SetIRQChannelPendingBit
                0x0000000008002f98                NVIC_ClearIRQChannelPendingBit
                0x0000000008002fb0                NVIC_GetCurrentActiveHandler
                0x0000000008002fc0                NVIC_GetIRQChannelActiveBitStatus
                0x0000000008002fe0                NVIC_GetCPUID
                0x0000000008002fec                NVIC_SetVectorTable
                0x0000000008003000                NVIC_GenerateSystemReset
                0x0000000008003010                NVIC_GenerateCoreReset
                0x0000000008003020                NVIC_SystemLPConfig
                0x0000000008003038                NVIC_SystemHandlerConfig
                0x0000000008003058                NVIC_SystemHandlerPriorityConfig
                0x00000000080030a4                NVIC_GetSystemHandlerPendingBitStatus
                0x00000000080030c0                NVIC_SetSystemHandlerPendingBit
                0x00000000080030d8                NVIC_ClearSystemHandlerPendingBit
                0x00000000080030f0                NVIC_GetSystemHandlerActiveBitStatus
                0x000000000800310c                NVIC_GetFaultHandlerSources
                0x000000000800313c                NVIC_GetFaultAddress
 .text          0x0000000008003150       0xc8 stm32f10x_lib/libstm32.a(stm32f10x_pwr.o)
                0x0000000008003150                PWR_DeInit
                0x000000000800316a                PWR_BackupAccessCmd
                0x0000000008003174                PWR_PVDCmd
                0x0000000008003180                PWR_PVDLevelConfig
                0x0000000008003194                PWR_WakeUpPinCmd
                0x00000000080031a0                PWR_EnterSTOPMode
                0x00000000080031cc                PWR_EnterSTANDBYMode
                0x00000000080031f4                PWR_GetFlagStatus
                0x0000000008003208                PWR_ClearFlag
 .text          0x0000000008003218      0x33c stm32f10x_lib/libstm32.a(stm32f10x_rcc.o)
                0x0000000008003218                RCC_DeInit
                0x0000000008003254                RCC_HSEConfig
                0x000000000800328c                RCC_AdjustHSICalibrationValue
                0x00000000080032a0                RCC_HSICmd
                0x00000000080032ac                RCC_PLLConfig
                0x00000000080032c0                RCC_PLLCmd
                0x00000000080032cc                RCC_SYSCLKConfig
                0x00000000080032e0                RCC_GetSYSCLKSource
                0x00000000080032f0                RCC_HCLKConfig
                0x0000000008003304                RCC_PCLK1Config
                0x0000000008003318                RCC_PCLK2Config
                0x000000000800332c                RCC_ITConfig
                0x0000000008003344                RCC_USBCLKConfig
                0x0000000008003350                RCC_ADCCLKConfig
                0x0000000008003364                RCC_LSEConfig
                0x0000000008003384                RCC_LSICmd
                0x0000000008003390                RCC_RTCCLKConfig
                0x00000000080033a0                RCC_RTCCLKCmd
                0x00000000080033ac                RCC_GetClocksFreq
                0x0000000008003430                RCC_AHBPeriphClockCmd
                0x0000000008003448                RCC_APB2PeriphClockCmd
                0x0000000008003460                RCC_APB1PeriphClockCmd
                0x0000000008003478                RCC_APB2PeriphResetCmd
                0x0000000008003490                RCC_APB1PeriphResetCmd
                0x00000000080034a8                RCC_BackupResetCmd
                0x00000000080034b4                RCC_ClockSecuritySystemCmd
                0x00000000080034c0                RCC_MCOConfig
                0x00000000080034cc                RCC_GetFlagStatus
                0x00000000080034f4                RCC_WaitForHSEStartUp
                0x0000000008003522                RCC_ClearFlag
                0x0000000008003534                RCC_GetITStatus
                0x0000000008003548                RCC_ClearITPendingBit
 .text          0x0000000008003554      0x2bc stm32f10x_lib/libstm32.a(stm32f10x_spi.o)
                0x0000000008003554                SPI_I2S_DeInit
                0x00000000080035b4                SPI_Init
                0x00000000080035f2                I2S_Init
                0x0000000008003692                SPI_StructInit
                0x00000000080036aa                I2S_StructInit
                0x00000000080036bc                SPI_Cmd
                0x00000000080036d4                I2S_Cmd
                0x00000000080036ec                SPI_I2S_ITConfig
                0x000000000800370a                SPI_I2S_DMACmd
                0x000000000800371c                SPI_I2S_SendData
                0x0000000008003720                SPI_I2S_ReceiveData
                0x0000000008003726                SPI_NSSInternalSoftwareConfig
                0x0000000008003744                SPI_SSOutputCmd
                0x000000000800375c                SPI_DataSizeConfig
                0x0000000008003772                SPI_TransmitCRC
                0x000000000800377e                SPI_CalculateCRC
                0x0000000008003796                SPI_GetCRC
                0x00000000080037a2                SPI_GetCRCPolynomial
                0x00000000080037a8                SPI_BiDirectionalLineConfig
                0x00000000080037c4                SPI_I2S_GetFlagStatus
                0x00000000080037d0                SPI_I2S_ClearFlag
                0x00000000080037d8                SPI_I2S_GetITStatus
                0x00000000080037fe                SPI_I2S_ClearITPendingBit
 .text          0x0000000008003810       0x8c stm32f10x_lib/libstm32.a(stm32f10x_systick.o)
                0x0000000008003810                SysTick_CLKSourceConfig
                0x0000000008003828                SysTick_SetReload
                0x0000000008003834                SysTick_CounterCmd
                0x000000000800385c                SysTick_ITConfig
                0x0000000008003874                SysTick_GetCounter
                0x0000000008003880                SysTick_GetFlagStatus
 .text          0x000000000800389c      0xa44 stm32f10x_lib/libstm32.a(stm32f10x_tim.o)
                0x0000000008003908                TIM_DeInit
                0x00000000080039d0                TIM_TimeBaseInit
                0x0000000008003a0c                TIM_OC1Init
                0x0000000008003a80                TIM_OC2Init
                0x0000000008003b08                TIM_OC3Init
                0x0000000008003b8c                TIM_OC4Init
                0x0000000008003bf4                TIM_BDTRConfig
                0x0000000008003c16                TIM_TimeBaseStructInit
                0x0000000008003c28                TIM_OCStructInit
                0x0000000008003c3c                TIM_ICStructInit
                0x0000000008003c4c                TIM_BDTRStructInit
                0x0000000008003c5e                TIM_Cmd
                0x0000000008003c76                TIM_CtrlPWMOutputs
                0x0000000008003c92                TIM_ITConfig
                0x0000000008003ca4                TIM_GenerateEvent
                0x0000000008003ca8                TIM_DMAConfig
                0x0000000008003cb0                TIM_DMACmd
                0x0000000008003cc2                TIM_InternalClockConfig
                0x0000000008003cd0                TIM_ITRxExternalClockConfig
                0x0000000008003cea                TIM_TIxExternalClockConfig
                0x0000000008003d1e                TIM_ETRConfig
                0x0000000008003d32                TIM_ETRClockMode1Config
                0x0000000008003d4c                TIM_ETRClockMode2Config
                0x0000000008003d60                TIM_PrescalerConfig
                0x0000000008003d66                TIM_CounterModeConfig
                0x0000000008003d76                TIM_SelectInputTrigger
                0x0000000008003d86                TIM_EncoderInterfaceConfig
                0x0000000008003dc2                TIM_ForcedOC1Config
                0x0000000008003dd2                TIM_ForcedOC2Config
                0x0000000008003de6                TIM_ForcedOC3Config
                0x0000000008003df6                TIM_ForcedOC4Config
                0x0000000008003e0a                TIM_ARRPreloadConfig
                0x0000000008003e22                TIM_SelectCOM
                0x0000000008003e3a                TIM_SelectCCDMA
                0x0000000008003e52                TIM_CCPreloadControl
                0x0000000008003e6a                TIM_OC1PreloadConfig
                0x0000000008003e7a                TIM_OC2PreloadConfig
                0x0000000008003e8e                TIM_OC3PreloadConfig
                0x0000000008003e9e                TIM_OC4PreloadConfig
                0x0000000008003eb2                TIM_OC1FastConfig
                0x0000000008003ec2                TIM_OC2FastConfig
                0x0000000008003ed6                TIM_OC3FastConfig
                0x0000000008003ee6                TIM_OC4FastConfig
                0x0000000008003efa                TIM_ClearOC1Ref
                0x0000000008003f0a                TIM_ClearOC2Ref
                0x0000000008003f1a                TIM_ClearOC3Ref
                0x0000000008003f2a                TIM_ClearOC4Ref
                0x0000000008003f3a                TIM_OC1PolarityConfig
                0x0000000008003f4a                TIM_OC1NPolarityConfig
                0x0000000008003f5a                TIM_OC2PolarityConfig
                0x0000000008003f6e                TIM_OC2NPolarityConfig
                0x0000000008003f82                TIM_OC3PolarityConfig
                0x0000000008003f96                TIM_OC3NPolarityConfig
                0x0000000008003faa                TIM_OC4PolarityConfig
                0x0000000008003fbe                TIM_CCxCmd
                0x0000000008003fda                TIM_CCxNCmd
                0x0000000008003ff6                TIM_SelectOCxM
                0x000000000800403a                TIM_UpdateDisableConfig
                0x0000000008004052                TIM_UpdateRequestConfig
                0x000000000800406a                TIM_SelectHallSensor
                0x0000000008004082                TIM_SelectOnePulseMode
                0x0000000008004098                TIM_SelectOutputTrigger
                0x00000000080040ae                TIM_SelectSlaveMode
                0x00000000080040c4                TIM_SelectMasterSlaveMode
                0x00000000080040da                TIM_SetCounter
                0x00000000080040de                TIM_SetAutoreload
                0x00000000080040e2                TIM_SetCompare1
                0x00000000080040e6                TIM_SetCompare2
                0x00000000080040ea                TIM_SetCompare3
                0x00000000080040ee                TIM_SetCompare4
                0x00000000080040f4                TIM_SetIC1Prescaler
                0x000000000800410a                TIM_SetIC2Prescaler
                0x0000000008004124                TIM_PWMIConfig
                0x0000000008004192                TIM_SetIC3Prescaler
                0x00000000080041a8                TIM_SetIC4Prescaler
                0x00000000080041c2                TIM_ICInit
                0x0000000008004278                TIM_SetClockDivision
                0x0000000008004288                TIM_GetCapture1
                0x000000000800428e                TIM_GetCapture2
                0x0000000008004294                TIM_GetCapture3
                0x000000000800429a                TIM_GetCapture4
                0x00000000080042a2                TIM_GetCounter
                0x00000000080042a8                TIM_GetPrescaler
                0x00000000080042ae                TIM_GetFlagStatus
                0x00000000080042ba                TIM_ClearFlag
                0x00000000080042c2                TIM_GetITStatus
                0x00000000080042d8                TIM_ClearITPendingBit
 .text          0x00000000080042e0      0x344 stm32f10x_lib/libstm32.a(stm32f10x_usart.o)
                0x00000000080042e0                USART_DeInit
                0x0000000008004374                USART_Init
                0x00000000080043fc                USART_StructInit
                0x0000000008004412                USART_ClockInit
                0x0000000008004432                USART_ClockStructInit
                0x000000000800443e                USART_Cmd
                0x0000000008004456                USART_ITConfig
                0x0000000008004488                USART_DMACmd
                0x000000000800449a                USART_SetAddress
                0x00000000080044b0                USART_WakeUpConfig
                0x00000000080044c6                USART_ReceiverWakeUpCmd
                0x00000000080044de                USART_LINBreakDetectLengthConfig
                0x00000000080044f4                USART_LINCmd
                0x000000000800450c                USART_SendData
                0x0000000008004514                USART_ReceiveData
                0x000000000800451c                USART_SendBreak
                0x0000000008004528                USART_SetGuardTime
                0x000000000800453a                USART_SetPrescaler
                0x000000000800454c                USART_SmartCardCmd
                0x0000000008004564                USART_SmartCardNACKCmd
                0x000000000800457c                USART_HalfDuplexCmd
                0x0000000008004594                USART_IrDAConfig
                0x00000000080045aa                USART_IrDACmd
                0x00000000080045c2                USART_GetFlagStatus
                0x00000000080045ce                USART_ClearFlag
                0x00000000080045d6                USART_GetITStatus
                0x0000000008004614                USART_ClearITPendingBit
 .text          0x0000000008004624       0x6e stm32f10x_lib/libstm32.a(cortexm3_macro.o)
                0x0000000008004624                __WFI
                0x0000000008004628                __WFE
                0x000000000800462c                __SEV
                0x0000000008004630                __ISB
                0x0000000008004636                __DSB
                0x000000000800463c                __DMB
                0x0000000008004642                __SVC
                0x0000000008004646                __MRS_CONTROL
                0x000000000800464c                __MSR_CONTROL
                0x0000000008004656                __MRS_PSP
                0x000000000800465c                __MSR_PSP
                0x0000000008004662                __MRS_MSP
                0x0000000008004668                __MSR_MSP
                0x000000000800466e                __SETPRIMASK
                0x0000000008004672                __RESETPRIMASK
                0x0000000008004676                __SETFAULTMASK
                0x000000000800467a                __RESETFAULTMASK
                0x000000000800467e                __BASEPRICONFIG
                0x0000000008004684                __GetBASEPRI
                0x000000000800468a                __REV_HalfWord
                0x000000000800468e                __REV_Word
 *fill*         0x0000000008004692        0x2 
 .text          0x0000000008004694       0x50 stm32f10x_lib/libstm32.a(stm32f10x_vector.o)
                0x0000000008004694                Reset_Handler
 *(.text.*)
 .text.startup  0x00000000080046e4       0x80 CM730_APP/src/main.o
                0x00000000080046e4                main
 *(.rodata)
 .rodata        0x0000000008004764      0x280 CM730_HW/src/sound.o
                0x0000000008004764                DoremiTable
                0x00000000080047cc                SoundTable
                0x0000000008004806                Sound31
                0x0000000008004828                Sound30
                0x0000000008004838                Sound25
                0x0000000008004846                Sound24
                0x000000000800485a                Sound23
                0x0000000008004866                Sound22
                0x000000000800488e                Sound21
                0x000000000800489e                Sound20
                0x00000000080048a8                Sound15
                0x00000000080048ba                Sound13
                0x00000000080048ce                Sound12
                0x00000000080048e0                Sound11
                0x00000000080048ec                Sound10
                0x00000000080048f6                Sound8
                0x0000000008004906                Sound7
                0x0000000008004912                Sound6
                0x000000000800491c                Sound5
                0x000000000800492c                Sound4
                0x0000000008004938                Sound3
                0x0000000008004944                Sound2
                0x0000000008004956                Sound1
                0x0000000008004966                Sound0
                0x0000000008004978                Music7
                0x0000000008004994                Music6
                0x00000000080049bc                Music1
                0x00000000080049d0                Music0
 .rodata        0x00000000080049e4       0x14 stm32f10x_lib/libstm32.a(stm32f10x_rcc.o)
 *(.rodata*)
 *(.glue_7)
 .glue_7        0x0000000000000000        0x0 linker stubs
 *(.glue_7t)
 .glue_7t       0x0000000000000000        0x0 linker stubs
                0x00000000080049f8                . = ALIGN (0x4)
                0x00000000080049f8                _etext = .
                0x00000000080049f8                _sidata = _etext

.vfp11_veneer   0x00000000080049f8        0x0
 .vfp11_veneer  0x0000000000000000        0x0 linker stubs

.v4_bx          0x00000000080049f8        0x0
 .v4_bx         0x0000000000000000        0x0 linker stubs

.iplt           0x00000000080049f8        0x0
 .iplt          0x0000000000000000        0x0 /usr/bin/../lib/gcc/arm-none-eabi/4.9.3/crtbegin.o

.rel.dyn        0x00000000080049f8        0x0
 .rel.iplt      0x0000000000000000        0x0 /usr/bin/../lib/gcc/arm-none-eabi/4.9.3/crtbegin.o

.data           0x0000000020000000      0x2fc load address 0x00000000080049f8
                0x0000000020000000                . = ALIGN (0x4)
                0x0000000020000000                _sdata = .
 *(.data)
 .data          0x0000000020000000      0x126 CM730_APP/src/CM_DXL_COM.o
                0x0000000020000000                gbpDataSize
                0x000000002000005a                gbpParameterRange
                0x000000002000010e                ROM_INITIAL_DATA
 *fill*         0x0000000020000126        0x2 
 .data          0x0000000020000128       0x1a CM730_HW/src/system_init.o
                0x0000000020000128                CCR4_Val
                0x000000002000012c                Baudrate_DXL
                0x0000000020000130                Baudrate_ZIGBEE
                0x0000000020000134                Baudrate_PC
                0x0000000020000138                BaudRate_ADC
                0x000000002000013c                CCR3_Val
                0x000000002000013e                CCR2_Val
                0x0000000020000140                CCR1_Val
 .data          0x0000000020000142      0x100 CM730_HW/src/system_func.o
                0x0000000020000142                gbVoltageTable
 *fill*         0x0000000020000242        0x2 
 .data          0x0000000020000244       0x40 CM730_HW/src/adc.o
                0x0000000020000244                ADC_Channel
 .data          0x0000000020000284        0x4 CM730_HW/src/usart.o
                0x0000000020000284                g_usartPC
 .data          0x0000000020000288       0x6a CM730_HW/src/sound.o
                0x0000000020000288                MusicTable
                0x00000000200002f0                Music_TempoContainer
 .data          0x00000000200002f2        0x9 CM730_HW/src/gyro_acc.o
                0x00000000200002f2                SPI_TxBuffer
 *(.data.*)
                0x00000000200002fc                . = ALIGN (0x4)
 *fill*         0x00000000200002fb        0x1 
                0x00000000200002fc                _edata = .

.igot.plt       0x00000000200002fc        0x0 load address 0x0000000008004cf4
 .igot.plt      0x0000000000000000        0x0 /usr/bin/../lib/gcc/arm-none-eabi/4.9.3/crtbegin.o

.bss            0x00000000200002fc     0x1114 load address 0x0000000008004cf4
                0x00000000200002fc                . = ALIGN (0x4)
                0x00000000200002fc                _sbss = .
 *(.bss)
 .bss           0x00000000200002fc        0x4 CM730_APP/src/stm32f10x_it.o
                0x00000000200002fc                gwCounter1
                0x00000000200002ff                Counter
 .bss           0x0000000020000300        0x5 CM730_APP/src/isr.o
                0x0000000020000301                bLedBlinkFlag
                0x0000000020000302                wLED_Timer
                0x0000000020000304                bLED_Counter
 *fill*         0x0000000020000305        0x1 
 .bss           0x0000000020000306        0xe CM730_APP/src/zigbee.o
                0x0000000020000306                gbRcvFlag
                0x0000000020000308                gwRcvData
                0x000000002000030a                gbRcvPacketNum
                0x000000002000030b                gbRcvPacket
                0x0000000020000312                gwMyZigbeeID
 .bss           0x0000000020000314      0x87a CM730_APP/src/CM_DXL_COM.o
                0x0000000020000314                gbTxD0BufferWritePointer
                0x0000000020000315                gbTxD0BufferReadPointer
                0x0000000020000316                gbpTxD0Buffer
                0x0000000020000416                gbStartAddress
                0x0000000020000417                gbpParameter
                0x0000000020000517                gbpControlTable
                0x0000000020000572                gbParameterLength
                0x0000000020000573                gbInstruction
                0x0000000020000574                gbRxID
                0x0000000020000575                gbInterruptCheckError
                0x0000000020000576                gbTxD1BufferWritePointer
                0x0000000020000577                gbpTxD1Buffer
                0x0000000020000677                gbTxD1Transmitting
                0x0000000020000678                gbDxlPwr
                0x0000000020000679                gbLEDHeadR
                0x000000002000067a                gbLEDHeadG
                0x000000002000067b                gbLEDHeadB
                0x000000002000067c                gbLEDEyeR
                0x000000002000067d                gbLEDEyeG
                0x000000002000067e                gbLEDEyeB
                0x000000002000067f                gbMiliSec
                0x0000000020000680                gbRxBufferReadPointer
                0x0000000020000681                gbRxBufferWritePointer
                0x0000000020000682                gbpRxInterruptBuffer
                0x0000000020000782                gbRxD0BufferReadPointer
                0x0000000020000783                gbRxD0BufferWritePointer
                0x0000000020000784                gbpRxD0Buffer
                0x0000000020000884                gbLEDPwm
                0x0000000020000885                gbLEDBlinkCounter
                0x0000000020000886                gbpRegParameter
                0x0000000020000986                gbRegParameterLength
                0x0000000020000987                gbRegAddress
                0x0000000020000988                gbTxD0Transmitting
                0x0000000020000989                gbTxD1BufferReadPointer
                0x000000002000098a                gbRxD1BufferReadPointer
                0x000000002000098b                gbRxD1BufferWritePointer
                0x000000002000098c                gbpRxD1Buffer
                0x0000000020000a8c                gbTxBufferReadPointer
                0x0000000020000a8d                gbTxBufferWritePointer
                0x0000000020000a8e                gbpTxInterruptBuffer
 *fill*         0x0000000020000b8e        0x2 
 .bss           0x0000000020000b90        0xc CM730_HW/src/system_func.o
                0x0000000020000b90                gwTimingDelay
                0x0000000020000b98                tmpdly
 .bss           0x0000000020000b9c       0x21 CM730_HW/src/adc.o
                0x0000000020000b9c                ADC_Value
                0x0000000020000bbc                ADC_Channel_Index
 *fill*         0x0000000020000bbd        0x1 
 .bss           0x0000000020000bbe      0x805 CM730_HW/src/usart.o
                0x0000000020000bbe                gwUSART_ZIGBEE_WritePtr
                0x0000000020000bc0                gwUSART_ZIGBEE_ReadPtr
                0x0000000020000bc2                gwpUSART_ZIGBEE_Buffer
                0x00000000200013c2                gbDXLForwarding
 *fill*         0x00000000200013c3        0x1 
 .bss           0x00000000200013c4       0x1e CM730_HW/src/sound.o
                0x00000000200013c4                gbBuzzerPlayLength
                0x00000000200013c5                gbBuzzerData
                0x00000000200013c6                Music_Play
                0x00000000200013c8                Doremi_Play
                0x00000000200013ca                Doremi_Index
                0x00000000200013cc                Doremi_TimCount
                0x00000000200013ce                Music_MusicIndex
                0x00000000200013d0                Music_ReadIndex
                0x00000000200013d2                Music_TempoCnt
                0x00000000200013d4                Music_CurrentPacket
                0x00000000200013d6                Music_CurrentLen
                0x00000000200013d8                Music_CurrentSound
                0x00000000200013da                Music_WaveFlag
                0x00000000200013dc                Music_WaveStep
                0x00000000200013de                Music_StartDelayFlag
                0x00000000200013e0                Music_WaveBuffer
 .bss           0x00000000200013e2       0x2e CM730_HW/src/gyro_acc.o
                0x00000000200013e2                SPI_RxBufferPointer
                0x00000000200013e3                SPI_RxBuffer
                0x00000000200013f6                Gyro_X_raw
                0x00000000200013f8                Gyro_Y_raw
                0x00000000200013fa                Gyro_Z_raw
                0x00000000200013fc                ACC_X_raw
                0x00000000200013fe                ACC_Y_raw
                0x0000000020001400                ACC_Z_raw
                0x0000000020001402                Gyro_X
                0x0000000020001404                Gyro_Y
                0x0000000020001406                Gyro_Z
                0x0000000020001408                ACC_X
                0x000000002000140a                ACC_Y
                0x000000002000140c                ACC_Z
                0x000000002000140e                GYRO_ACC_ENABLE
                0x000000002000140f                SPI_TxBufferPointer
 *(COMMON)
                0x0000000020001410                . = ALIGN (0x4)
                0x0000000020001410                _ebss = .
                0x0000000020001410                PROVIDE (end, _ebss)
                0x0000000020001410                PROVIDE (_end, _ebss)

._usrstack      0x0000000020001410      0x100 load address 0x0000000008005e08
                0x0000000020001410                . = ALIGN (0x4)
                0x0000000020001410                _susrstack = .
                0x0000000020001510                . = (. + _Minimum_Stack_Size)
 *fill*         0x0000000020001410      0x100 
                0x0000000020001510                . = ALIGN (0x4)
                0x0000000020001510                _eusrstack = .

.b1text
 *(.b1text)
 *(.b1rodata)
 *(.b1rodata*)

.eb0text
 *(.eb0text)
 *(.eb0rodata)
 *(.eb0rodata*)

.eb1text
 *(.eb1text)
 *(.eb1rodata)
 *(.eb1rodata*)

.eb2text
 *(.eb2text)
 *(.eb2rodata)
 *(.eb2rodata*)

.eb3text
 *(.eb3text)
 *(.eb3rodata)
 *(.eb3rodata*)
                0x0000000020001510                __exidx_start = .
                0x0000000020001510                __exidx_end = .

/DISCARD/
 libc.a(*)
 libm.a(*)
 libgcc.a(*)

.stab
 *(.stab)

.stabstr
 *(.stabstr)

.stab.excl
 *(.stab.excl)

.stab.exclstr
 *(.stab.exclstr)

.stab.index
 *(.stab.index)

.stab.indexstr
 *(.stab.indexstr)

.comment        0x0000000000000000       0x70
 *(.comment)
 .comment       0x0000000000000000       0x70 CM730_APP/src/stm32f10x_it.o
                                         0x71 (size before relaxing)
 .comment       0x0000000000000000       0x71 CM730_APP/src/main.o
 .comment       0x0000000000000000       0x71 CM730_APP/src/isr.o
 .comment       0x0000000000000000       0x71 CM730_APP/src/zigbee.o
 .comment       0x0000000000000000       0x71 CM730_APP/src/zgb_hal.o
 .comment       0x0000000000000000       0x71 CM730_APP/src/CM_DXL_COM.o
 .comment       0x0000000000000000       0x71 CM730_HW/src/button.o
 .comment       0x0000000000000000       0x71 CM730_HW/src/led.o
 .comment       0x0000000000000000       0x71 CM730_HW/src/system_init.o
 .comment       0x0000000000000000       0x71 CM730_HW/src/system_func.o
 .comment       0x0000000000000000       0x71 CM730_HW/src/adc.o
 .comment       0x0000000000000000       0x71 CM730_HW/src/usart.o
 .comment       0x0000000000000000       0x71 CM730_HW/src/sound.o
 .comment       0x0000000000000000       0x71 CM730_HW/src/gyro_acc.o
 .comment       0x0000000000000000       0x71 stm32f10x_lib/libstm32.a(stm32f10x_adc.o)
 .comment       0x0000000000000000       0x71 stm32f10x_lib/libstm32.a(stm32f10x_bkp.o)
 .comment       0x0000000000000000       0x71 stm32f10x_lib/libstm32.a(stm32f10x_flash.o)
 .comment       0x0000000000000000       0x71 stm32f10x_lib/libstm32.a(stm32f10x_gpio.o)
 .comment       0x0000000000000000       0x71 stm32f10x_lib/libstm32.a(stm32f10x_nvic.o)
 .comment       0x0000000000000000       0x71 stm32f10x_lib/libstm32.a(stm32f10x_pwr.o)
 .comment       0x0000000000000000       0x71 stm32f10x_lib/libstm32.a(stm32f10x_rcc.o)
 .comment       0x0000000000000000       0x71 stm32f10x_lib/libstm32.a(stm32f10x_spi.o)
 .comment       0x0000000000000000       0x71 stm32f10x_lib/libstm32.a(stm32f10x_systick.o)
 .comment       0x0000000000000000       0x71 stm32f10x_lib/libstm32.a(stm32f10x_tim.o)
 .comment       0x0000000000000000       0x71 stm32f10x_lib/libstm32.a(stm32f10x_usart.o)
 .comment       0x0000000000000000       0x71 stm32f10x_lib/libstm32.a(stm32f10x_vector.o)

.ARM.attributes
                0x0000000000000000       0x31
 .ARM.attributes
                0x0000000000000000       0x33 CM730_APP/src/stm32f10x_it.o
 .ARM.attributes
                0x0000000000000033       0x33 CM730_APP/src/main.o
 .ARM.attributes
                0x0000000000000066       0x33 CM730_APP/src/isr.o
 .ARM.attributes
                0x0000000000000099       0x33 CM730_APP/src/zigbee.o
 .ARM.attributes
                0x00000000000000cc       0x33 CM730_APP/src/zgb_hal.o
 .ARM.attributes
                0x00000000000000ff       0x33 CM730_APP/src/CM_DXL_COM.o
 .ARM.attributes
                0x0000000000000132       0x33 CM730_HW/src/button.o
 .ARM.attributes
                0x0000000000000165       0x33 CM730_HW/src/led.o
 .ARM.attributes
                0x0000000000000198       0x33 CM730_HW/src/system_init.o
 .ARM.attributes
                0x00000000000001cb       0x33 CM730_HW/src/system_func.o
 .ARM.attributes
                0x00000000000001fe       0x33 CM730_HW/src/adc.o
 .ARM.attributes
                0x0000000000000231       0x33 CM730_HW/src/usart.o
 .ARM.attributes
                0x0000000000000264       0x33 CM730_HW/src/sound.o
 .ARM.attributes
                0x0000000000000297       0x33 CM730_HW/src/gyro_acc.o
 .ARM.attributes
                0x00000000000002ca       0x33 stm32f10x_lib/libstm32.a(stm32f10x_adc.o)
 .ARM.attributes
                0x00000000000002fd       0x33 stm32f10x_lib/libstm32.a(stm32f10x_bkp.o)
 .ARM.attributes
                0x0000000000000330       0x33 stm32f10x_lib/libstm32.a(stm32f10x_flash.o)
 .ARM.attributes
                0x0000000000000363       0x33 stm32f10x_lib/libstm32.a(stm32f10x_gpio.o)
 .ARM.attributes
                0x0000000000000396       0x33 stm32f10x_lib/libstm32.a(stm32f10x_nvic.o)
 .ARM.attributes
                0x00000000000003c9       0x33 stm32f10x_lib/libstm32.a(stm32f10x_pwr.o)
 .ARM.attributes
                0x00000000000003fc       0x33 stm32f10x_lib/libstm32.a(stm32f10x_rcc.o)
 .ARM.attributes
                0x000000000000042f       0x33 stm32f10x_lib/libstm32.a(stm32f10x_spi.o)
 .ARM.attributes
                0x0000000000000462       0x33 stm32f10x_lib/libstm32.a(stm32f10x_systick.o)
 .ARM.attributes
                0x0000000000000495       0x33 stm32f10x_lib/libstm32.a(stm32f10x_tim.o)
 .ARM.attributes
                0x00000000000004c8       0x33 stm32f10x_lib/libstm32.a(stm32f10x_usart.o)
 .ARM.attributes
                0x00000000000004fb       0x21 stm32f10x_lib/libstm32.a(cortexm3_macro.o)
 .ARM.attributes
                0x000000000000051c       0x33 stm32f10x_lib/libstm32.a(stm32f10x_vector.o)

.debug
 *(.debug)

.line
 *(.line)

.debug_srcinfo
 *(.debug_srcinfo)

.debug_sfnames
 *(.debug_sfnames)

.debug_aranges  0x0000000000000000      0x360
 *(.debug_aranges)
 .debug_aranges
                0x0000000000000000       0x20 CM730_APP/src/stm32f10x_it.o
 .debug_aranges
                0x0000000000000020       0x20 CM730_APP/src/main.o
 .debug_aranges
                0x0000000000000040       0x20 CM730_APP/src/isr.o
 .debug_aranges
                0x0000000000000060       0x20 CM730_APP/src/zigbee.o
 .debug_aranges
                0x0000000000000080       0x20 CM730_APP/src/zgb_hal.o
 .debug_aranges
                0x00000000000000a0       0x20 CM730_APP/src/CM_DXL_COM.o
 .debug_aranges
                0x00000000000000c0       0x20 CM730_HW/src/button.o
 .debug_aranges
                0x00000000000000e0       0x20 CM730_HW/src/led.o
 .debug_aranges
                0x0000000000000100       0x20 CM730_HW/src/system_init.o
 .debug_aranges
                0x0000000000000120       0x20 CM730_HW/src/system_func.o
 .debug_aranges
                0x0000000000000140       0x20 CM730_HW/src/adc.o
 .debug_aranges
                0x0000000000000160       0x20 CM730_HW/src/usart.o
 .debug_aranges
                0x0000000000000180       0x20 CM730_HW/src/sound.o
 .debug_aranges
                0x00000000000001a0       0x20 CM730_HW/src/gyro_acc.o
 .debug_aranges
                0x00000000000001c0       0x20 stm32f10x_lib/libstm32.a(stm32f10x_adc.o)
 .debug_aranges
                0x00000000000001e0       0x20 stm32f10x_lib/libstm32.a(stm32f10x_bkp.o)
 .debug_aranges
                0x0000000000000200       0x20 stm32f10x_lib/libstm32.a(stm32f10x_flash.o)
 .debug_aranges
                0x0000000000000220       0x20 stm32f10x_lib/libstm32.a(stm32f10x_gpio.o)
 .debug_aranges
                0x0000000000000240       0x20 stm32f10x_lib/libstm32.a(stm32f10x_nvic.o)
 .debug_aranges
                0x0000000000000260       0x20 stm32f10x_lib/libstm32.a(stm32f10x_pwr.o)
 .debug_aranges
                0x0000000000000280       0x20 stm32f10x_lib/libstm32.a(stm32f10x_rcc.o)
 .debug_aranges
                0x00000000000002a0       0x20 stm32f10x_lib/libstm32.a(stm32f10x_spi.o)
 .debug_aranges
                0x00000000000002c0       0x20 stm32f10x_lib/libstm32.a(stm32f10x_systick.o)
 .debug_aranges
                0x00000000000002e0       0x20 stm32f10x_lib/libstm32.a(stm32f10x_tim.o)
 .debug_aranges
                0x0000000000000300       0x20 stm32f10x_lib/libstm32.a(stm32f10x_usart.o)
 .debug_aranges
                0x0000000000000320       0x20 stm32f10x_lib/libstm32.a(cortexm3_macro.o)
 .debug_aranges
                0x0000000000000340       0x20 stm32f10x_lib/libstm32.a(stm32f10x_vector.o)

.debug_pubnames
 *(.debug_pubnames)

.debug_info     0x0000000000000000     0xdad8
 *(.debug_info .gnu.linkonce.wi.*)
 .debug_info    0x0000000000000000      0xa4b CM730_APP/src/stm32f10x_it.o
 .debug_info    0x0000000000000a4b      0x25c CM730_APP/src/main.o
 .debug_info    0x0000000000000ca7      0x465 CM730_APP/src/isr.o
 .debug_info    0x000000000000110c      0x5ff CM730_APP/src/zigbee.o
 .debug_info    0x000000000000170b      0x1fa CM730_APP/src/zgb_hal.o
 .debug_info    0x0000000000001905      0xc4d CM730_APP/src/CM_DXL_COM.o
 .debug_info    0x0000000000002552      0x18e CM730_HW/src/button.o
 .debug_info    0x00000000000026e0      0x349 CM730_HW/src/led.o
 .debug_info    0x0000000000002a29     0x1ab2 CM730_HW/src/system_init.o
 .debug_info    0x00000000000044db      0x66f CM730_HW/src/system_func.o
 .debug_info    0x0000000000004b4a      0x348 CM730_HW/src/adc.o
 .debug_info    0x0000000000004e92      0x7fe CM730_HW/src/usart.o
 .debug_info    0x0000000000005690      0x9e8 CM730_HW/src/sound.o
 .debug_info    0x0000000000006078      0xcbf CM730_HW/src/gyro_acc.o
 .debug_info    0x0000000000006d37      0xb5a stm32f10x_lib/libstm32.a(stm32f10x_adc.o)
 .debug_info    0x0000000000007891      0x708 stm32f10x_lib/libstm32.a(stm32f10x_bkp.o)
 .debug_info    0x0000000000007f99      0x8bb stm32f10x_lib/libstm32.a(stm32f10x_flash.o)
 .debug_info    0x0000000000008854      0x747 stm32f10x_lib/libstm32.a(stm32f10x_gpio.o)
 .debug_info    0x0000000000008f9b      0x968 stm32f10x_lib/libstm32.a(stm32f10x_nvic.o)
 .debug_info    0x0000000000009903      0x2c6 stm32f10x_lib/libstm32.a(stm32f10x_pwr.o)
 .debug_info    0x0000000000009bc9      0x871 stm32f10x_lib/libstm32.a(stm32f10x_rcc.o)
 .debug_info    0x000000000000a43a      0x959 stm32f10x_lib/libstm32.a(stm32f10x_spi.o)
 .debug_info    0x000000000000ad93      0x20b stm32f10x_lib/libstm32.a(stm32f10x_systick.o)
 .debug_info    0x000000000000af9e     0x1f42 stm32f10x_lib/libstm32.a(stm32f10x_tim.o)
 .debug_info    0x000000000000cee0      0xa2c stm32f10x_lib/libstm32.a(stm32f10x_usart.o)
 .debug_info    0x000000000000d90c       0xb9 stm32f10x_lib/libstm32.a(cortexm3_macro.o)
 .debug_info    0x000000000000d9c5      0x113 stm32f10x_lib/libstm32.a(stm32f10x_vector.o)

.debug_abbrev   0x0000000000000000     0x3005
 *(.debug_abbrev)
 .debug_abbrev  0x0000000000000000      0x21a CM730_APP/src/stm32f10x_it.o
 .debug_abbrev  0x000000000000021a      0x121 CM730_APP/src/main.o
 .debug_abbrev  0x000000000000033b      0x1a7 CM730_APP/src/isr.o
 .debug_abbrev  0x00000000000004e2      0x279 CM730_APP/src/zigbee.o
 .debug_abbrev  0x000000000000075b       0xf8 CM730_APP/src/zgb_hal.o
 .debug_abbrev  0x0000000000000853      0x26a CM730_APP/src/CM_DXL_COM.o
 .debug_abbrev  0x0000000000000abd      0x10b CM730_HW/src/button.o
 .debug_abbrev  0x0000000000000bc8      0x18c CM730_HW/src/led.o
 .debug_abbrev  0x0000000000000d54      0x270 CM730_HW/src/system_init.o
 .debug_abbrev  0x0000000000000fc4      0x2aa CM730_HW/src/system_func.o
 .debug_abbrev  0x000000000000126e      0x188 CM730_HW/src/adc.o
 .debug_abbrev  0x00000000000013f6      0x211 CM730_HW/src/usart.o
 .debug_abbrev  0x0000000000001607      0x1e5 CM730_HW/src/sound.o
 .debug_abbrev  0x00000000000017ec      0x211 CM730_HW/src/gyro_acc.o
 .debug_abbrev  0x00000000000019fd      0x196 stm32f10x_lib/libstm32.a(stm32f10x_adc.o)
 .debug_abbrev  0x0000000000001b93      0x188 stm32f10x_lib/libstm32.a(stm32f10x_bkp.o)
 .debug_abbrev  0x0000000000001d1b      0x24e stm32f10x_lib/libstm32.a(stm32f10x_flash.o)
 .debug_abbrev  0x0000000000001f69      0x1e8 stm32f10x_lib/libstm32.a(stm32f10x_gpio.o)
 .debug_abbrev  0x0000000000002151      0x26d stm32f10x_lib/libstm32.a(stm32f10x_nvic.o)
 .debug_abbrev  0x00000000000023be      0x174 stm32f10x_lib/libstm32.a(stm32f10x_pwr.o)
 .debug_abbrev  0x0000000000002532      0x227 stm32f10x_lib/libstm32.a(stm32f10x_rcc.o)
 .debug_abbrev  0x0000000000002759      0x1ed stm32f10x_lib/libstm32.a(stm32f10x_spi.o)
 .debug_abbrev  0x0000000000002946      0x128 stm32f10x_lib/libstm32.a(stm32f10x_systick.o)
 .debug_abbrev  0x0000000000002a6e      0x2be stm32f10x_lib/libstm32.a(stm32f10x_tim.o)
 .debug_abbrev  0x0000000000002d2c      0x1ed stm32f10x_lib/libstm32.a(stm32f10x_usart.o)
 .debug_abbrev  0x0000000000002f19       0x14 stm32f10x_lib/libstm32.a(cortexm3_macro.o)
 .debug_abbrev  0x0000000000002f2d       0xd8 stm32f10x_lib/libstm32.a(stm32f10x_vector.o)

.debug_line     0x0000000000000000     0x2af1
 *(.debug_line)
 .debug_line    0x0000000000000000      0x201 CM730_APP/src/stm32f10x_it.o
 .debug_line    0x0000000000000201      0x120 CM730_APP/src/main.o
 .debug_line    0x0000000000000321       0xfa CM730_APP/src/isr.o
 .debug_line    0x000000000000041b      0x166 CM730_APP/src/zigbee.o
 .debug_line    0x0000000000000581       0xbb CM730_APP/src/zgb_hal.o
 .debug_line    0x000000000000063c      0x3d5 CM730_APP/src/CM_DXL_COM.o
 .debug_line    0x0000000000000a11       0x99 CM730_HW/src/button.o
 .debug_line    0x0000000000000aaa      0x126 CM730_HW/src/led.o
 .debug_line    0x0000000000000bd0      0x307 CM730_HW/src/system_init.o
 .debug_line    0x0000000000000ed7      0x1b2 CM730_HW/src/system_func.o
 .debug_line    0x0000000000001089       0xde CM730_HW/src/adc.o
 .debug_line    0x0000000000001167      0x146 CM730_HW/src/usart.o
 .debug_line    0x00000000000012ad      0x115 CM730_HW/src/sound.o
 .debug_line    0x00000000000013c2      0x228 CM730_HW/src/gyro_acc.o
 .debug_line    0x00000000000015ea      0x210 stm32f10x_lib/libstm32.a(stm32f10x_adc.o)
 .debug_line    0x00000000000017fa       0xd6 stm32f10x_lib/libstm32.a(stm32f10x_bkp.o)
 .debug_line    0x00000000000018d0      0x20a stm32f10x_lib/libstm32.a(stm32f10x_flash.o)
 .debug_line    0x0000000000001ada      0x182 stm32f10x_lib/libstm32.a(stm32f10x_gpio.o)
 .debug_line    0x0000000000001c5c      0x1d2 stm32f10x_lib/libstm32.a(stm32f10x_nvic.o)
 .debug_line    0x0000000000001e2e       0xeb stm32f10x_lib/libstm32.a(stm32f10x_pwr.o)
 .debug_line    0x0000000000001f19      0x1a0 stm32f10x_lib/libstm32.a(stm32f10x_rcc.o)
 .debug_line    0x00000000000020b9      0x1c7 stm32f10x_lib/libstm32.a(stm32f10x_spi.o)
 .debug_line    0x0000000000002280       0xb5 stm32f10x_lib/libstm32.a(stm32f10x_systick.o)
 .debug_line    0x0000000000002335      0x4db stm32f10x_lib/libstm32.a(stm32f10x_tim.o)
 .debug_line    0x0000000000002810      0x1da stm32f10x_lib/libstm32.a(stm32f10x_usart.o)
 .debug_line    0x00000000000029ea       0xa4 stm32f10x_lib/libstm32.a(cortexm3_macro.o)
 .debug_line    0x0000000000002a8e       0x63 stm32f10x_lib/libstm32.a(stm32f10x_vector.o)

.debug_frame    0x0000000000000000     0x2468
 *(.debug_frame)
 .debug_frame   0x0000000000000000      0x46c CM730_APP/src/stm32f10x_it.o
 .debug_frame   0x000000000000046c       0x28 CM730_APP/src/main.o
 .debug_frame   0x0000000000000494       0xe0 CM730_APP/src/isr.o
 .debug_frame   0x0000000000000574       0xa8 CM730_APP/src/zigbee.o
 .debug_frame   0x000000000000061c       0x70 CM730_APP/src/zgb_hal.o
 .debug_frame   0x000000000000068c       0xc0 CM730_APP/src/CM_DXL_COM.o
 .debug_frame   0x000000000000074c       0x28 CM730_HW/src/button.o
 .debug_frame   0x0000000000000774       0x80 CM730_HW/src/led.o
 .debug_frame   0x00000000000007f4      0x168 CM730_HW/src/system_init.o
 .debug_frame   0x000000000000095c       0xf0 CM730_HW/src/system_func.o
 .debug_frame   0x0000000000000a4c       0x48 CM730_HW/src/adc.o
 .debug_frame   0x0000000000000a94      0x108 CM730_HW/src/usart.o
 .debug_frame   0x0000000000000b9c       0xf0 CM730_HW/src/sound.o
 .debug_frame   0x0000000000000c8c      0x15c CM730_HW/src/gyro_acc.o
 .debug_frame   0x0000000000000de8      0x280 stm32f10x_lib/libstm32.a(stm32f10x_adc.o)
 .debug_frame   0x0000000000001068       0xdc stm32f10x_lib/libstm32.a(stm32f10x_bkp.o)
 .debug_frame   0x0000000000001144      0x1f0 stm32f10x_lib/libstm32.a(stm32f10x_flash.o)
 .debug_frame   0x0000000000001334      0x160 stm32f10x_lib/libstm32.a(stm32f10x_gpio.o)
 .debug_frame   0x0000000000001494      0x204 stm32f10x_lib/libstm32.a(stm32f10x_nvic.o)
 .debug_frame   0x0000000000001698       0xac stm32f10x_lib/libstm32.a(stm32f10x_pwr.o)
 .debug_frame   0x0000000000001744      0x220 stm32f10x_lib/libstm32.a(stm32f10x_rcc.o)
 .debug_frame   0x0000000000001964      0x1bc stm32f10x_lib/libstm32.a(stm32f10x_spi.o)
 .debug_frame   0x0000000000001b20       0x70 stm32f10x_lib/libstm32.a(stm32f10x_systick.o)
 .debug_frame   0x0000000000001b90      0x6a8 stm32f10x_lib/libstm32.a(stm32f10x_tim.o)
 .debug_frame   0x0000000000002238      0x200 stm32f10x_lib/libstm32.a(stm32f10x_usart.o)
 .debug_frame   0x0000000000002438       0x30 stm32f10x_lib/libstm32.a(stm32f10x_vector.o)

.debug_str      0x0000000000000000     0x43fb
 *(.debug_str)
 .debug_str     0x0000000000000000      0x893 CM730_APP/src/stm32f10x_it.o
                                        0x8d9 (size before relaxing)
 .debug_str     0x0000000000000893       0xa9 CM730_APP/src/main.o
                                        0x20e (size before relaxing)
 .debug_str     0x000000000000093c      0x109 CM730_APP/src/isr.o
                                        0x33b (size before relaxing)
 .debug_str     0x0000000000000a45      0x16c CM730_APP/src/zigbee.o
                                        0x2dc (size before relaxing)
 .debug_str     0x0000000000000bb1       0x47 CM730_APP/src/zgb_hal.o
                                        0x1dc (size before relaxing)
 .debug_str     0x0000000000000bf8      0x4bd CM730_APP/src/CM_DXL_COM.o
                                        0x7a7 (size before relaxing)
 .debug_str     0x00000000000010b5       0x33 CM730_HW/src/button.o
                                        0x19d (size before relaxing)
 .debug_str     0x00000000000010e8       0x54 CM730_HW/src/led.o
                                        0x1fe (size before relaxing)
 .debug_str     0x000000000000113c      0x9b9 CM730_HW/src/system_init.o
                                        0xcdc (size before relaxing)
 .debug_str     0x0000000000001af5      0x14f CM730_HW/src/system_func.o
                                        0x352 (size before relaxing)
 .debug_str     0x0000000000001c44       0x5b CM730_HW/src/adc.o
                                        0x23b (size before relaxing)
 .debug_str     0x0000000000001c9f       0xba CM730_HW/src/usart.o
                                        0x499 (size before relaxing)
 .debug_str     0x0000000000001d59      0x2d9 CM730_HW/src/sound.o
                                        0x5ab (size before relaxing)
 .debug_str     0x0000000000002032      0x197 CM730_HW/src/gyro_acc.o
                                        0x423 (size before relaxing)
 .debug_str     0x00000000000021c9      0x399 stm32f10x_lib/libstm32.a(stm32f10x_adc.o)
                                        0x6db (size before relaxing)
 .debug_str     0x0000000000002562      0x306 stm32f10x_lib/libstm32.a(stm32f10x_bkp.o)
                                        0x596 (size before relaxing)
 .debug_str     0x0000000000002868      0x2d0 stm32f10x_lib/libstm32.a(stm32f10x_flash.o)
                                        0x53e (size before relaxing)
 .debug_str     0x0000000000002b38      0x17b stm32f10x_lib/libstm32.a(stm32f10x_gpio.o)
                                        0x4b3 (size before relaxing)
 .debug_str     0x0000000000002cb3      0x45e stm32f10x_lib/libstm32.a(stm32f10x_nvic.o)
                                        0x70d (size before relaxing)
 .debug_str     0x0000000000003111      0x104 stm32f10x_lib/libstm32.a(stm32f10x_pwr.o)
                                        0x2a4 (size before relaxing)
 .debug_str     0x0000000000003215      0x2e9 stm32f10x_lib/libstm32.a(stm32f10x_rcc.o)
                                        0x5e3 (size before relaxing)
 .debug_str     0x00000000000034fe      0x241 stm32f10x_lib/libstm32.a(stm32f10x_spi.o)
                                        0x607 (size before relaxing)
 .debug_str     0x000000000000373f       0xb6 stm32f10x_lib/libstm32.a(stm32f10x_systick.o)
                                        0x288 (size before relaxing)
 .debug_str     0x00000000000037f5      0x8c0 stm32f10x_lib/libstm32.a(stm32f10x_tim.o)
                                        0xdd4 (size before relaxing)
 .debug_str     0x00000000000040b5      0x2cd stm32f10x_lib/libstm32.a(stm32f10x_usart.o)
                                        0x67e (size before relaxing)
 .debug_str     0x0000000000004382       0x79 stm32f10x_lib/libstm32.a(stm32f10x_vector.o)
                                        0x1bb (size before relaxing)

.debug_loc      0x0000000000000000     0x601f
 *(.debug_loc)
 .debug_loc     0x0000000000000000       0x47 CM730_APP/src/main.o
 .debug_loc     0x0000000000000047      0x189 CM730_APP/src/zigbee.o
 .debug_loc     0x00000000000001d0      0x141 CM730_APP/src/zgb_hal.o
 .debug_loc     0x0000000000000311      0x4a2 CM730_APP/src/CM_DXL_COM.o
 .debug_loc     0x00000000000007b3       0x35 CM730_HW/src/button.o
 .debug_loc     0x00000000000007e8      0x112 CM730_HW/src/led.o
 .debug_loc     0x00000000000008fa       0xbe CM730_HW/src/system_init.o
 .debug_loc     0x00000000000009b8      0x1e4 CM730_HW/src/system_func.o
 .debug_loc     0x0000000000000b9c       0x40 CM730_HW/src/adc.o
 .debug_loc     0x0000000000000bdc      0x1aa CM730_HW/src/usart.o
 .debug_loc     0x0000000000000d86       0x7e CM730_HW/src/sound.o
 .debug_loc     0x0000000000000e04       0xe0 CM730_HW/src/gyro_acc.o
 .debug_loc     0x0000000000000ee4      0xb1b stm32f10x_lib/libstm32.a(stm32f10x_adc.o)
 .debug_loc     0x00000000000019ff       0xee stm32f10x_lib/libstm32.a(stm32f10x_bkp.o)
 .debug_loc     0x0000000000001aed      0x6ad stm32f10x_lib/libstm32.a(stm32f10x_flash.o)
 .debug_loc     0x000000000000219a      0x527 stm32f10x_lib/libstm32.a(stm32f10x_gpio.o)
 .debug_loc     0x00000000000026c1      0x91a stm32f10x_lib/libstm32.a(stm32f10x_nvic.o)
 .debug_loc     0x0000000000002fdb      0x156 stm32f10x_lib/libstm32.a(stm32f10x_pwr.o)
 .debug_loc     0x0000000000003131      0x69d stm32f10x_lib/libstm32.a(stm32f10x_rcc.o)
 .debug_loc     0x00000000000037ce      0x569 stm32f10x_lib/libstm32.a(stm32f10x_spi.o)
 .debug_loc     0x0000000000003d37       0xe7 stm32f10x_lib/libstm32.a(stm32f10x_systick.o)
 .debug_loc     0x0000000000003e1e     0x1962 stm32f10x_lib/libstm32.a(stm32f10x_tim.o)
 .debug_loc     0x0000000000005780      0x85c stm32f10x_lib/libstm32.a(stm32f10x_usart.o)
 .debug_loc     0x0000000000005fdc       0x43 stm32f10x_lib/libstm32.a(stm32f10x_vector.o)

.debug_macinfo
 *(.debug_macinfo)

.debug_weaknames
 *(.debug_weaknames)

.debug_funcnames
 *(.debug_funcnames)

.debug_typenames
 *(.debug_typenames)

.debug_varnames
 *(.debug_varnames)
OUTPUT(CM730.elf elf32-littlearm)

.debug_ranges   0x0000000000000000       0xa8
 .debug_ranges  0x0000000000000000       0x10 CM730_APP/src/main.o
 .debug_ranges  0x0000000000000010       0x18 CM730_APP/src/isr.o
 .debug_ranges  0x0000000000000028       0x18 CM730_APP/src/zigbee.o
 .debug_ranges  0x0000000000000040       0x30 CM730_APP/src/CM_DXL_COM.o
 .debug_ranges  0x0000000000000070       0x38 stm32f10x_lib/libstm32.a(stm32f10x_tim.o)

Cross Reference Table

Symbol                                            File
ACC_Configuration                                 CM730_HW/src/gyro_acc.o
                                                  CM730_HW/src/system_init.o
ACC_X                                             CM730_HW/src/gyro_acc.o
ACC_X_raw                                         CM730_HW/src/gyro_acc.o
ACC_Y                                             CM730_HW/src/gyro_acc.o
ACC_Y_raw                                         CM730_HW/src/gyro_acc.o
ACC_Z                                             CM730_HW/src/gyro_acc.o
ACC_Z_raw                                         CM730_HW/src/gyro_acc.o
ADC1_2_IRQHandler                                 CM730_APP/src/stm32f10x_it.o
                                                  stm32f10x_lib/libstm32.a(stm32f10x_vector.o)
ADC3_IRQHandler                                   CM730_APP/src/stm32f10x_it.o
                                                  stm32f10x_lib/libstm32.a(stm32f10x_vector.o)
ADC_AnalogWatchdogCmd                             stm32f10x_lib/libstm32.a(stm32f10x_adc.o)
ADC_AnalogWatchdogSingleChannelConfig             stm32f10x_lib/libstm32.a(stm32f10x_adc.o)
ADC_AnalogWatchdogThresholdsConfig                stm32f10x_lib/libstm32.a(stm32f10x_adc.o)
ADC_AutoInjectedConvCmd                           stm32f10x_lib/libstm32.a(stm32f10x_adc.o)
ADC_Channel                                       CM730_HW/src/adc.o
ADC_Channel_Index                                 CM730_HW/src/adc.o
ADC_ClearFlag                                     stm32f10x_lib/libstm32.a(stm32f10x_adc.o)
ADC_ClearITPendingBit                             stm32f10x_lib/libstm32.a(stm32f10x_adc.o)
ADC_Cmd                                           stm32f10x_lib/libstm32.a(stm32f10x_adc.o)
                                                  CM730_HW/src/system_init.o
ADC_Configuration                                 CM730_HW/src/system_init.o
ADC_DMACmd                                        stm32f10x_lib/libstm32.a(stm32f10x_adc.o)
ADC_DeInit                                        stm32f10x_lib/libstm32.a(stm32f10x_adc.o)
ADC_DiscModeChannelCountConfig                    stm32f10x_lib/libstm32.a(stm32f10x_adc.o)
ADC_DiscModeCmd                                   stm32f10x_lib/libstm32.a(stm32f10x_adc.o)
ADC_ExternalTrigConvCmd                           stm32f10x_lib/libstm32.a(stm32f10x_adc.o)
ADC_ExternalTrigInjectedConvCmd                   stm32f10x_lib/libstm32.a(stm32f10x_adc.o)
ADC_ExternalTrigInjectedConvConfig                stm32f10x_lib/libstm32.a(stm32f10x_adc.o)
ADC_GetCalibrationStatus                          stm32f10x_lib/libstm32.a(stm32f10x_adc.o)
                                                  CM730_HW/src/system_init.o
ADC_GetConversionValue                            stm32f10x_lib/libstm32.a(stm32f10x_adc.o)
                                                  CM730_HW/src/adc.o
ADC_GetDualModeConversionValue                    stm32f10x_lib/libstm32.a(stm32f10x_adc.o)
ADC_GetFlagStatus                                 stm32f10x_lib/libstm32.a(stm32f10x_adc.o)
ADC_GetITStatus                                   stm32f10x_lib/libstm32.a(stm32f10x_adc.o)
ADC_GetInjectedConversionValue                    stm32f10x_lib/libstm32.a(stm32f10x_adc.o)
ADC_GetResetCalibrationStatus                     stm32f10x_lib/libstm32.a(stm32f10x_adc.o)
                                                  CM730_HW/src/system_init.o
ADC_GetSoftwareStartConvStatus                    stm32f10x_lib/libstm32.a(stm32f10x_adc.o)
ADC_GetSoftwareStartInjectedConvCmdStatus         stm32f10x_lib/libstm32.a(stm32f10x_adc.o)
ADC_ITConfig                                      stm32f10x_lib/libstm32.a(stm32f10x_adc.o)
                                                  CM730_HW/src/system_init.o
ADC_Init                                          stm32f10x_lib/libstm32.a(stm32f10x_adc.o)
                                                  CM730_HW/src/system_init.o
ADC_InjectedChannelConfig                         stm32f10x_lib/libstm32.a(stm32f10x_adc.o)
ADC_InjectedDiscModeCmd                           stm32f10x_lib/libstm32.a(stm32f10x_adc.o)
ADC_InjectedSequencerLengthConfig                 stm32f10x_lib/libstm32.a(stm32f10x_adc.o)
ADC_RegularChannelConfig                          stm32f10x_lib/libstm32.a(stm32f10x_adc.o)
                                                  CM730_HW/src/adc.o
                                                  CM730_HW/src/system_init.o
ADC_ResetCalibration                              stm32f10x_lib/libstm32.a(stm32f10x_adc.o)
                                                  CM730_HW/src/system_init.o
ADC_SetInjectedOffset                             stm32f10x_lib/libstm32.a(stm32f10x_adc.o)
ADC_SoftwareStartConvCmd                          stm32f10x_lib/libstm32.a(stm32f10x_adc.o)
                                                  CM730_HW/src/system_init.o
ADC_SoftwareStartInjectedConvCmd                  stm32f10x_lib/libstm32.a(stm32f10x_adc.o)
ADC_StartCalibration                              stm32f10x_lib/libstm32.a(stm32f10x_adc.o)
                                                  CM730_HW/src/system_init.o
ADC_StructInit                                    stm32f10x_lib/libstm32.a(stm32f10x_adc.o)
                                                  CM730_HW/src/system_init.o
ADC_TempSensorVrefintCmd                          stm32f10x_lib/libstm32.a(stm32f10x_adc.o)
ADC_Value                                         CM730_HW/src/adc.o
BKP_ClearFlag                                     stm32f10x_lib/libstm32.a(stm32f10x_bkp.o)
BKP_ClearITPendingBit                             stm32f10x_lib/libstm32.a(stm32f10x_bkp.o)
BKP_DeInit                                        stm32f10x_lib/libstm32.a(stm32f10x_bkp.o)
BKP_GetFlagStatus                                 stm32f10x_lib/libstm32.a(stm32f10x_bkp.o)
BKP_GetITStatus                                   stm32f10x_lib/libstm32.a(stm32f10x_bkp.o)
BKP_ITConfig                                      stm32f10x_lib/libstm32.a(stm32f10x_bkp.o)
BKP_RTCOutputConfig                               stm32f10x_lib/libstm32.a(stm32f10x_bkp.o)
BKP_ReadBackupRegister                            stm32f10x_lib/libstm32.a(stm32f10x_bkp.o)
BKP_SetRTCCalibrationValue                        stm32f10x_lib/libstm32.a(stm32f10x_bkp.o)
BKP_TamperPinCmd                                  stm32f10x_lib/libstm32.a(stm32f10x_bkp.o)
BKP_TamperPinLevelConfig                          stm32f10x_lib/libstm32.a(stm32f10x_bkp.o)
BKP_WriteBackupRegister                           stm32f10x_lib/libstm32.a(stm32f10x_bkp.o)
                                                  CM730_APP/src/CM_DXL_COM.o
BaudRate_ADC                                      CM730_HW/src/system_init.o
Baudrate_DXL                                      CM730_HW/src/system_init.o
Baudrate_PC                                       CM730_HW/src/system_init.o
Baudrate_ZIGBEE                                   CM730_HW/src/system_init.o
BufferClear                                       CM730_HW/src/usart.o
                                                  CM730_APP/src/zigbee.o
                                                  CM730_APP/src/main.o
BusFaultException                                 CM730_APP/src/stm32f10x_it.o
                                                  stm32f10x_lib/libstm32.a(stm32f10x_vector.o)
Buzzer_Configuration                              CM730_HW/src/system_init.o
CAN_RX1_IRQHandler                                CM730_APP/src/stm32f10x_it.o
                                                  stm32f10x_lib/libstm32.a(stm32f10x_vector.o)
CAN_SCE_IRQHandler                                CM730_APP/src/stm32f10x_it.o
                                                  stm32f10x_lib/libstm32.a(stm32f10x_vector.o)
CCR1_Val                                          CM730_HW/src/system_init.o
CCR2_Val                                          CM730_HW/src/system_init.o
CCR3_Val                                          CM730_HW/src/system_init.o
CCR4_Val                                          CM730_HW/src/system_init.o
                                                  CM730_APP/src/stm32f10x_it.o
Clear_SPI_Data                                    CM730_HW/src/gyro_acc.o
Counter                                           CM730_APP/src/stm32f10x_it.o
CovertData                                        CM730_HW/src/gyro_acc.o
DMA1_Channel1_IRQHandler                          CM730_APP/src/stm32f10x_it.o
DMA1_Channel2_IRQHandler                          CM730_APP/src/stm32f10x_it.o
DMA1_Channel3_IRQHandler                          CM730_APP/src/stm32f10x_it.o
DMA1_Channel4_IRQHandler                          CM730_APP/src/stm32f10x_it.o
DMA1_Channel5_IRQHandler                          CM730_APP/src/stm32f10x_it.o
DMA1_Channel6_IRQHandler                          CM730_APP/src/stm32f10x_it.o
DMA1_Channel7_IRQHandler                          CM730_APP/src/stm32f10x_it.o
DMA2_Channel1_IRQHandler                          CM730_APP/src/stm32f10x_it.o
                                                  stm32f10x_lib/libstm32.a(stm32f10x_vector.o)
DMA2_Channel2_IRQHandler                          CM730_APP/src/stm32f10x_it.o
                                                  stm32f10x_lib/libstm32.a(stm32f10x_vector.o)
DMA2_Channel3_IRQHandler                          CM730_APP/src/stm32f10x_it.o
                                                  stm32f10x_lib/libstm32.a(stm32f10x_vector.o)
DMA2_Channel4_5_IRQHandler                        CM730_APP/src/stm32f10x_it.o
                                                  stm32f10x_lib/libstm32.a(stm32f10x_vector.o)
DebugMonitor                                      CM730_APP/src/stm32f10x_it.o
                                                  stm32f10x_lib/libstm32.a(stm32f10x_vector.o)
DoremiTable                                       CM730_HW/src/sound.o
Doremi_Index                                      CM730_HW/src/sound.o
Doremi_Play                                       CM730_HW/src/sound.o
Doremi_TimCount                                   CM730_HW/src/sound.o
Dummy                                             CM730_HW/src/system_func.o
EEPROM_Clear                                      CM730_HW/src/system_func.o
EEPROM_Read                                       CM730_HW/src/system_func.o
EEPROM_Write                                      CM730_HW/src/system_func.o
EXTI0_IRQHandler                                  CM730_APP/src/stm32f10x_it.o
                                                  stm32f10x_lib/libstm32.a(stm32f10x_vector.o)
EXTI15_10_IRQHandler                              CM730_APP/src/stm32f10x_it.o
                                                  stm32f10x_lib/libstm32.a(stm32f10x_vector.o)
EXTI1_IRQHandler                                  CM730_APP/src/stm32f10x_it.o
                                                  stm32f10x_lib/libstm32.a(stm32f10x_vector.o)
EXTI2_IRQHandler                                  CM730_APP/src/stm32f10x_it.o
                                                  stm32f10x_lib/libstm32.a(stm32f10x_vector.o)
EXTI3_IRQHandler                                  CM730_APP/src/stm32f10x_it.o
                                                  stm32f10x_lib/libstm32.a(stm32f10x_vector.o)
EXTI4_IRQHandler                                  CM730_APP/src/stm32f10x_it.o
                                                  stm32f10x_lib/libstm32.a(stm32f10x_vector.o)
EXTI9_5_IRQHandler                                CM730_APP/src/stm32f10x_it.o
                                                  stm32f10x_lib/libstm32.a(stm32f10x_vector.o)
FLASH_ClearFlag                                   stm32f10x_lib/libstm32.a(stm32f10x_flash.o)
                                                  CM730_HW/src/system_func.o